2025-12-24T09:38:31.843+05:30  INFO 19412 --- [admin-care] [main] com.dtech.admin.AdminApplication         : Starting AdminApplication using Java 21.0.8 with PID 19412 (C:\Users\abhisheks\Desktop\care\care-admin\target\classes started by abhisheks in C:\Users\abhisheks\Desktop\care\care-admin)
2025-12-24T09:38:31.876+05:30  INFO 19412 --- [admin-care] [main] com.dtech.admin.AdminApplication         : No active profile set, falling back to 1 default profile: "default"
2025-12-24T09:38:38.648+05:30  INFO 19412 --- [admin-care] [main] .s.d.r.c.RepositoryConfigurationDelegate : Bootstrapping Spring Data JPA repositories in DEFAULT mode.
2025-12-24T09:38:41.978+05:30  INFO 19412 --- [admin-care] [main] .s.d.r.c.RepositoryConfigurationDelegate : Finished Spring Data repository scanning in 3287 ms. Found 36 JPA repository interfaces.
2025-12-24T09:38:45.510+05:30  INFO 19412 --- [admin-care] [main] o.s.b.w.embedded.tomcat.TomcatWebServer  : Tomcat initialized with port 8090 (http)
2025-12-24T09:38:45.550+05:30  INFO 19412 --- [admin-care] [main] o.apache.catalina.core.StandardService   : Starting service [Tomcat]
2025-12-24T09:38:45.552+05:30  INFO 19412 --- [admin-care] [main] o.apache.catalina.core.StandardEngine    : Starting Servlet engine: [Apache Tomcat/10.1.39]
2025-12-24T09:38:45.724+05:30  INFO 19412 --- [admin-care] [main] o.a.c.c.C.[Tomcat].[localhost].[/admin]  : Initializing Spring embedded WebApplicationContext
2025-12-24T09:38:45.725+05:30  INFO 19412 --- [admin-care] [main] w.s.c.ServletWebServerApplicationContext : Root WebApplicationContext: initialization completed in 13669 ms
2025-12-24T09:38:46.153+05:30  INFO 19412 --- [admin-care] [main] o.hibernate.jpa.internal.util.LogHelper  : HHH000204: Processing PersistenceUnitInfo [name: default]
2025-12-24T09:38:46.383+05:30  INFO 19412 --- [admin-care] [main] org.hibernate.Version                    : HHH000412: Hibernate ORM core version 6.6.11.Final
2025-12-24T09:38:46.518+05:30  INFO 19412 --- [admin-care] [main] o.h.c.internal.RegionFactoryInitiator    : HHH000026: Second-level cache disabled
2025-12-24T09:38:47.559+05:30  INFO 19412 --- [admin-care] [main] o.s.o.j.p.SpringPersistenceUnitInfo      : No LoadTimeWeaver setup: ignoring JPA class transformer
2025-12-24T09:38:47.642+05:30  INFO 19412 --- [admin-care] [main] com.zaxxer.hikari.HikariDataSource       : admin-care-hikari - Starting...
2025-12-24T09:38:48.700+05:30  INFO 19412 --- [admin-care] [main] com.zaxxer.hikari.pool.HikariPool        : admin-care-hikari - Added connection com.mysql.cj.jdbc.ConnectionImpl@57eed461
2025-12-24T09:38:48.705+05:30  INFO 19412 --- [admin-care] [main] com.zaxxer.hikari.HikariDataSource       : admin-care-hikari - Start completed.
2025-12-24T09:38:48.773+05:30  WARN 19412 --- [admin-care] [main] org.hibernate.orm.deprecation            : HHH90000025: MySQL8Dialect does not need to be specified explicitly using 'hibernate.dialect' (remove the property setting and it will be selected by default)
2025-12-24T09:38:48.777+05:30  WARN 19412 --- [admin-care] [main] org.hibernate.orm.deprecation            : HHH90000026: MySQL8Dialect has been deprecated; use org.hibernate.dialect.MySQLDialect instead
2025-12-24T09:38:48.828+05:30  INFO 19412 --- [admin-care] [main] org.hibernate.orm.connections.pooling    : HHH10001005: Database info:
	Database JDBC URL [Connecting through datasource 'HikariDataSource (admin-care-hikari)']
	Database driver: undefined/unknown
	Database version: 8.0
	Autocommit mode: undefined/unknown
	Isolation level: undefined/unknown
	Minimum pool size: undefined/unknown
	Maximum pool size: undefined/unknown
2025-12-24T09:38:52.933+05:30  INFO 19412 --- [admin-care] [main] o.h.e.t.j.p.i.JtaPlatformInitiator       : HHH000489: No JTA platform available (set 'hibernate.transaction.jta.platform' to enable JTA platform integration)
2025-12-24T09:38:52.939+05:30  INFO 19412 --- [admin-care] [main] j.LocalContainerEntityManagerFactoryBean : Initialized JPA EntityManagerFactory for persistence unit 'default'
2025-12-24T09:38:54.763+05:30  INFO 19412 --- [admin-care] [main] o.s.d.j.r.query.QueryEnhancerFactory     : Hibernate is in classpath; If applicable, HQL parser will be used.
2025-12-24T09:38:59.521+05:30  WARN 19412 --- [admin-care] [main] JpaBaseConfiguration$JpaWebConfiguration : spring.jpa.open-in-view is enabled by default. Therefore, database queries may be performed during view rendering. Explicitly configure spring.jpa.open-in-view to disable this warning
2025-12-24T09:38:59.563+05:30  WARN 19412 --- [admin-care] [main] .s.s.UserDetailsServiceAutoConfiguration : 

Using generated security password: 898d3d92-300b-42a2-8de0-4036a403dacc

This generated password is for development use only. Your security configuration must be updated before running your application in production.

2025-12-24T09:38:59.605+05:30  INFO 19412 --- [admin-care] [main] r$InitializeUserDetailsManagerConfigurer : Global AuthenticationManager configured with UserDetailsService bean with name inMemoryUserDetailsManager
2025-12-24T09:39:00.170+05:30  INFO 19412 --- [admin-care] [main] c.dtech.admin.security.SecurityConfig    : Security filter chain org.springframework.security.config.annotation.web.builders.HttpSecurity@16013989
2025-12-24T09:39:00.193+05:30  WARN 19412 --- [admin-care] [main] thorizationManagerRequestMatcherRegistry : One of the patterns in [/api/v1/login/login, /api/v1/login/logout, /api/v1/password/reset, api/v1/password/sent-otp] is missing a leading slash. This is discouraged; please include the leading slash in all your request matcher patterns. In future versions of Spring Security, leaving out the leading slash will result in an exception.
2025-12-24T09:39:00.845+05:30  INFO 19412 --- [admin-care] [main] o.s.b.w.embedded.tomcat.TomcatWebServer  : Tomcat started on port 8090 (http) with context path '/admin'
2025-12-24T09:39:00.858+05:30  INFO 19412 --- [admin-care] [main] com.dtech.admin.AdminApplication         : Started AdminApplication in 30.626 seconds (process running for 34.095)
2025-12-24T09:39:28.080+05:30  INFO 19412 --- [admin-care] [http-nio-8090-exec-1] o.a.c.c.C.[Tomcat].[localhost].[/admin]  : Initializing Spring DispatcherServlet 'dispatcherServlet'
2025-12-24T09:39:28.081+05:30  INFO 19412 --- [admin-care] [http-nio-8090-exec-1] o.s.web.servlet.DispatcherServlet        : Initializing Servlet 'dispatcherServlet'
2025-12-24T09:39:28.085+05:30  INFO 19412 --- [admin-care] [http-nio-8090-exec-1] o.s.web.servlet.DispatcherServlet        : Completed initialization in 4 ms
2025-12-24T09:39:28.136+05:30  INFO 19412 --- [admin-care] [http-nio-8090-exec-1] c.d.a.filter.JwtAuthenticationFilter     : /admin/api/v1/login/login
2025-12-24T09:39:28.142+05:30  INFO 19412 --- [admin-care] [http-nio-8090-exec-1] c.d.a.filter.JwtAuthenticationFilter     : /admin/api/v1/login/login
2025-12-24T09:39:28.440+05:30  INFO 19412 --- [admin-care] [http-nio-8090-exec-1] c.d.a.v.validators.EnumValidators        : EnumValidators LOGIN
2025-12-24T09:39:28.441+05:30  INFO 19412 --- [admin-care] [http-nio-8090-exec-1] c.d.a.v.validators.EnumValidators        : EnumValidators is valid true
2025-12-24T09:39:28.444+05:30  INFO 19412 --- [admin-care] [http-nio-8090-exec-1] c.d.admin.controller.LoginController     : Login request reference data controller LoginRequestValidatorDTO(password=DevTest@1) 
2025-12-24T09:39:28.788+05:30  INFO 19412 --- [admin-care] [http-nio-8090-exec-1] c.d.admin.service.impl.LoginServiceImpl  : Login request: Username: DevTest@1, Password: DevTest@1
2025-12-24T09:39:28.788+05:30  INFO 19412 --- [admin-care] [http-nio-8090-exec-1] c.d.admin.service.impl.LoginServiceImpl  : Processing login request username:-DevTest@1 password:-DevTest@1 
2025-12-24T09:39:29.753+05:30  INFO 19412 --- [admin-care] [http-nio-8090-exec-1] com.dtech.admin.util.StringUtil          : called MaskString method DevTest@1
2025-12-24T09:39:29.755+05:30  INFO 19412 --- [admin-care] [http-nio-8090-exec-1] c.d.admin.service.impl.LoginServiceImpl  : Masked: *****st@1
2025-12-24T09:39:29.758+05:30  INFO 19412 --- [admin-care] [http-nio-8090-exec-1] com.dtech.admin.util.PasswordUtil        : Password Encoder DevTest@1
2025-12-24T09:39:29.759+05:30  INFO 19412 --- [admin-care] [http-nio-8090-exec-1] c.d.admin.service.impl.LoginServiceImpl  : password decoder:-yrpuHWIudHsVYdzqaBCL7RD4LxU+1lt1fLJ1Q5+Pr3I=
2025-12-24T09:39:29.759+05:30  INFO 19412 --- [admin-care] [http-nio-8090-exec-1] c.d.admin.service.impl.LoginServiceImpl  : Processing password policy attemptCount 
2025-12-24T09:39:29.907+05:30  INFO 19412 --- [admin-care] [http-nio-8090-exec-1] com.dtech.admin.util.DateTimeUtil        : get Current DateTime
2025-12-24T09:39:29.908+05:30  INFO 19412 --- [admin-care] [http-nio-8090-exec-1] com.dtech.admin.util.JwtUtil             : Generating access token for DevTest@1
2025-12-24T09:39:30.236+05:30  INFO 19412 --- [admin-care] [http-nio-8090-exec-1] c.d.admin.service.impl.LoginServiceImpl  : Generate JWT token access eyJhbGciOiJIUzI1NiJ9.eyJzdWIiOiJEZXZUZXN0QDEiLCJ0eXBlIjoiYWNjZXNzIiwiaWF0IjoxNzY2NTQ5MzcwLCJleHAiOjE3NjY1NTE3NzB9.-p6XHsopkzra39ncQ4Fnqm3Kl6houBsEKwzkabKmMI8 
2025-12-24T09:39:30.236+05:30  INFO 19412 --- [admin-care] [http-nio-8090-exec-1] com.dtech.admin.util.JwtUtil             : Generating refresh token for DevTest@1
2025-12-24T09:39:30.237+05:30  INFO 19412 --- [admin-care] [http-nio-8090-exec-1] c.d.admin.service.impl.LoginServiceImpl  : Generate JWT token refresh eyJhbGciOiJIUzI1NiJ9.eyJzdWIiOiJEZXZUZXN0QDEiLCJ0eXBlIjoicmVmcmVzaCIsImlhdCI6MTc2NjU0OTM3MCwiZXhwIjoxNzY2NTUxODcwfQ.tUWgJxEJuNlwmPkG0NtwkdwPDdkyLZJE5tFJ48LL5RE 
2025-12-24T09:39:30.241+05:30  INFO 19412 --- [admin-care] [http-nio-8090-exec-1] c.d.admin.service.impl.LoginServiceImpl  : Added security context to user DevTest@1
2025-12-24T09:39:30.242+05:30  INFO 19412 --- [admin-care] [http-nio-8090-exec-1] c.d.admin.service.impl.LoginServiceImpl  : Processing success login request username DevTest@1
2025-12-24T09:39:30.258+05:30  INFO 19412 --- [admin-care] [http-nio-8090-exec-1] com.dtech.admin.util.AuditorAwareImpl    : Current Auditor
2025-12-24T09:39:30.503+05:30  INFO 19412 --- [admin-care] [http-nio-8090-exec-1] c.d.admin.service.impl.LoginServiceImpl  : Set new login request token DevTest@1 
2025-12-24T09:39:30.503+05:30  INFO 19412 --- [admin-care] [http-nio-8090-exec-1] com.dtech.admin.util.DateTimeUtil        : get Current DateTime
2025-12-24T09:39:30.504+05:30  INFO 19412 --- [admin-care] [http-nio-8090-exec-1] com.dtech.admin.util.DateTimeUtil        : get 30 future DateTime
2025-12-24T09:39:30.509+05:30  INFO 19412 --- [admin-care] [http-nio-8090-exec-1] com.dtech.admin.util.AuditorAwareImpl    : Current Auditor
2025-12-24T09:39:30.632+05:30  INFO 19412 --- [admin-care] [http-nio-8090-exec-1] c.d.admin.service.impl.LoginServiceImpl  : After success login request update data username DevTest@1
2025-12-24T09:39:30.637+05:30  INFO 19412 --- [admin-care] [http-nio-8090-exec-1] c.d.admin.service.impl.LoginServiceImpl  : After successful update application user
2025-12-24T09:39:30.639+05:30  INFO 19412 --- [admin-care] [http-nio-8090-exec-1] c.d.a.m.entityToDto.SystemUserMapper     : user profile mapper start for login
2025-12-24T09:39:30.743+05:30  INFO 19412 --- [admin-care] [http-nio-8090-exec-1] c.d.a.m.entityToDto.SystemUserMapper     : Success profile mapper for login UserDetailsResponseDTO(isReset=false, lastLoggedDate=Wed Dec 24 09:39:30 IST 2025, expectingFirstTimeLogging=false, passwordExpiredDate=Wed Jan 21 09:39:30 IST 2026, proImg=null) 
2025-12-24T09:39:30.752+05:30  INFO 19412 --- [admin-care] [http-nio-8090-exec-1] c.d.a.service.impl.AuditLogServiceImpl   : Audit log
2025-12-24T09:39:31.016+05:30  INFO 19412 --- [admin-care] [http-nio-8090-exec-1] c.d.a.service.impl.AuditLogServiceImpl   : Start audit log
2025-12-24T09:39:31.017+05:30  INFO 19412 --- [admin-care] [http-nio-8090-exec-1] c.d.a.service.impl.AuditLogServiceImpl   : End audit log page=null task=LOGIN user=DevTest@1
2025-12-24T09:39:31.018+05:30  INFO 19412 --- [admin-care] [http-nio-8090-exec-1] com.dtech.admin.util.AuditorAwareImpl    : Current Auditor
2025-12-24T09:39:31.101+05:30  INFO 19412 --- [admin-care] [http-nio-8090-exec-1] c.d.a.service.impl.AuditLogServiceImpl   : Audit log saved id=26470
2025-12-24T09:41:01.162+05:30  INFO 19412 --- [admin-care] [http-nio-8090-exec-4] c.d.a.filter.JwtAuthenticationFilter     : /admin/api/v1/payment-attachments/reference-data
2025-12-24T09:41:01.163+05:30  INFO 19412 --- [admin-care] [http-nio-8090-exec-4] c.d.a.filter.JwtAuthenticationFilter     : JWT Authentication Filter Started /admin/api/v1/payment-attachments/reference-data
2025-12-24T09:41:01.163+05:30  INFO 19412 --- [admin-care] [http-nio-8090-exec-4] c.d.a.filter.JwtAuthenticationFilter     : JWT Authentication Filter Authorized Bearer eyJhbGciOiJIUzI1NiJ9.eyJzdWIiOiJEZXZUZXN0QDEiLCJ0eXBlIjoiYWNjZXNzIiwiaWF0IjoxNzY2NTQ5MzcwLCJleHAiOjE3NjY1NTE3NzB9.-p6XHsopkzra39ncQ4Fnqm3Kl6houBsEKwzkabKmMI8
2025-12-24T09:41:01.164+05:30  INFO 19412 --- [admin-care] [http-nio-8090-exec-4] c.d.a.filter.JwtAuthenticationFilter     : JWT Authentication Filter Authorized
2025-12-24T09:41:01.164+05:30  INFO 19412 --- [admin-care] [http-nio-8090-exec-4] com.dtech.admin.util.JwtUtil             : Extracting username from token: eyJhbGciOiJIUzI1NiJ9.eyJzdWIiOiJEZXZUZXN0QDEiLCJ0eXBlIjoiYWNjZXNzIiwiaWF0IjoxNzY2NTQ5MzcwLCJleHAiOjE3NjY1NTE3NzB9.-p6XHsopkzra39ncQ4Fnqm3Kl6houBsEKwzkabKmMI8
2025-12-24T09:41:01.164+05:30  INFO 19412 --- [admin-care] [http-nio-8090-exec-4] com.dtech.admin.util.JwtUtil             : Extracting claims from token: eyJhbGciOiJIUzI1NiJ9.eyJzdWIiOiJEZXZUZXN0QDEiLCJ0eXBlIjoiYWNjZXNzIiwiaWF0IjoxNzY2NTQ5MzcwLCJleHAiOjE3NjY1NTE3NzB9.-p6XHsopkzra39ncQ4Fnqm3Kl6houBsEKwzkabKmMI8
2025-12-24T09:41:01.772+05:30  INFO 19412 --- [admin-care] [http-nio-8090-exec-4] com.dtech.admin.util.JwtUtil             : Validating token...
2025-12-24T09:41:01.774+05:30  INFO 19412 --- [admin-care] [http-nio-8090-exec-4] com.dtech.admin.util.JwtUtil             : Token is valid.
2025-12-24T09:41:01.774+05:30  INFO 19412 --- [admin-care] [http-nio-8090-exec-4] c.d.a.filter.JwtAuthenticationFilter     : Get JWT Authentication Filter Completed
2025-12-24T09:41:01.775+05:30  INFO 19412 --- [admin-care] [http-nio-8090-exec-4] c.d.a.filter.JwtAuthenticationFilter     : /admin/api/v1/payment-attachments/reference-data
2025-12-24T09:41:01.779+05:30  INFO 19412 --- [admin-care] [http-nio-8090-exec-4] c.d.a.v.validators.EnumValidators        : EnumValidators REF_DATA
2025-12-24T09:41:01.779+05:30  INFO 19412 --- [admin-care] [http-nio-8090-exec-4] c.d.a.v.validators.EnumValidators        : EnumValidators is valid true
2025-12-24T09:41:01.781+05:30  INFO 19412 --- [admin-care] [http-nio-8090-exec-4] c.d.a.c.PaymentAttachmentController      : Payment attachment reference data ChannelRequestValidatorDTO(ip=0.0.0.0, message=REF_DATA, username=approver1, userAgent=WEB)
2025-12-24T09:41:01.847+05:30  INFO 19412 --- [admin-care] [http-nio-8090-exec-4] c.d.a.s.i.PaymentAttachmentServiceImpl   : Payment attachment reference data ChannelRequestDTO(ip=0.0.0.0, message=REF_DATA, username=approver1, userAgent=WEB)
2025-12-24T09:41:01.848+05:30  INFO 19412 --- [admin-care] [http-nio-8090-exec-4] c.d.admin.util.CommonPrivilegeGetter     : Common privilege get started approver1 PAMC
2025-12-24T09:41:01.918+05:30  INFO 19412 --- [admin-care] [http-nio-8090-exec-4] c.d.admin.util.CommonPrivilegeGetter     : Common privilege get no user approver1
2025-12-24T09:41:01.918+05:30  INFO 19412 --- [admin-care] [http-nio-8090-exec-4] c.d.admin.util.CommonPrivilegeGetter     : Common privilege get started approver1 PARE
2025-12-24T09:41:01.990+05:30  INFO 19412 --- [admin-care] [http-nio-8090-exec-4] c.d.admin.util.CommonPrivilegeGetter     : Common privilege get no user approver1
2025-12-24T09:41:01.990+05:30  INFO 19412 --- [admin-care] [http-nio-8090-exec-4] c.d.admin.util.CommonPrivilegeGetter     : Common privilege get started approver1 PASE
2025-12-24T09:41:02.068+05:30  INFO 19412 --- [admin-care] [http-nio-8090-exec-4] c.d.admin.util.CommonPrivilegeGetter     : Common privilege get no user approver1
2025-12-24T09:41:02.380+05:30  INFO 19412 --- [admin-care] [http-nio-8090-exec-4] c.d.a.service.impl.AuditLogServiceImpl   : Audit log
2025-12-24T09:41:02.591+05:30  INFO 19412 --- [admin-care] [http-nio-8090-exec-4] c.d.a.service.impl.AuditLogServiceImpl   : Start audit log
2025-12-24T09:41:02.591+05:30  INFO 19412 --- [admin-care] [http-nio-8090-exec-4] c.d.a.service.impl.AuditLogServiceImpl   : End audit log page=PAMC task=REF_DATA user=approver1
2025-12-24T09:41:02.592+05:30  INFO 19412 --- [admin-care] [http-nio-8090-exec-4] com.dtech.admin.util.AuditorAwareImpl    : Current Auditor
2025-12-24T09:41:02.669+05:30  INFO 19412 --- [admin-care] [http-nio-8090-exec-4] c.d.a.service.impl.AuditLogServiceImpl   : Audit log saved id=26471
2025-12-24T09:42:20.214+05:30  INFO 19412 --- [admin-care] [http-nio-8090-exec-8] c.d.a.filter.JwtAuthenticationFilter     : /admin/api/v1/claims-approval/reference-data
2025-12-24T09:42:20.215+05:30  INFO 19412 --- [admin-care] [http-nio-8090-exec-8] c.d.a.filter.JwtAuthenticationFilter     : JWT Authentication Filter Started /admin/api/v1/claims-approval/reference-data
2025-12-24T09:42:20.215+05:30  INFO 19412 --- [admin-care] [http-nio-8090-exec-8] c.d.a.filter.JwtAuthenticationFilter     : JWT Authentication Filter Authorized Bearer eyJhbGciOiJIUzI1NiJ9.eyJzdWIiOiJEZXZUZXN0QDEiLCJ0eXBlIjoiYWNjZXNzIiwiaWF0IjoxNzY2NTQ5MzcwLCJleHAiOjE3NjY1NTE3NzB9.-p6XHsopkzra39ncQ4Fnqm3Kl6houBsEKwzkabKmMI8
2025-12-24T09:42:20.215+05:30  INFO 19412 --- [admin-care] [http-nio-8090-exec-8] c.d.a.filter.JwtAuthenticationFilter     : JWT Authentication Filter Authorized
2025-12-24T09:42:20.215+05:30  INFO 19412 --- [admin-care] [http-nio-8090-exec-8] com.dtech.admin.util.JwtUtil             : Extracting username from token: eyJhbGciOiJIUzI1NiJ9.eyJzdWIiOiJEZXZUZXN0QDEiLCJ0eXBlIjoiYWNjZXNzIiwiaWF0IjoxNzY2NTQ5MzcwLCJleHAiOjE3NjY1NTE3NzB9.-p6XHsopkzra39ncQ4Fnqm3Kl6houBsEKwzkabKmMI8
2025-12-24T09:42:20.215+05:30  INFO 19412 --- [admin-care] [http-nio-8090-exec-8] com.dtech.admin.util.JwtUtil             : Extracting claims from token: eyJhbGciOiJIUzI1NiJ9.eyJzdWIiOiJEZXZUZXN0QDEiLCJ0eXBlIjoiYWNjZXNzIiwiaWF0IjoxNzY2NTQ5MzcwLCJleHAiOjE3NjY1NTE3NzB9.-p6XHsopkzra39ncQ4Fnqm3Kl6houBsEKwzkabKmMI8
2025-12-24T09:42:20.952+05:30  INFO 19412 --- [admin-care] [http-nio-8090-exec-8] com.dtech.admin.util.JwtUtil             : Validating token...
2025-12-24T09:42:20.954+05:30  INFO 19412 --- [admin-care] [http-nio-8090-exec-8] com.dtech.admin.util.JwtUtil             : Token is valid.
2025-12-24T09:42:20.954+05:30  INFO 19412 --- [admin-care] [http-nio-8090-exec-8] c.d.a.filter.JwtAuthenticationFilter     : Get JWT Authentication Filter Completed
2025-12-24T09:42:20.954+05:30  INFO 19412 --- [admin-care] [http-nio-8090-exec-8] c.d.a.filter.JwtAuthenticationFilter     : /admin/api/v1/claims-approval/reference-data
2025-12-24T09:42:20.957+05:30  INFO 19412 --- [admin-care] [http-nio-8090-exec-8] c.d.a.v.validators.EnumValidators        : EnumValidators REF_DATA
2025-12-24T09:42:20.957+05:30  INFO 19412 --- [admin-care] [http-nio-8090-exec-8] c.d.a.v.validators.EnumValidators        : EnumValidators is valid true
2025-12-24T09:42:20.958+05:30  INFO 19412 --- [admin-care] [http-nio-8090-exec-8] c.d.a.c.ClaimApprovalController          : Claim approval details reference data request reference data controller ChannelRequestValidatorDTO(ip=0.0.0.0, message=REF_DATA, username=approver1, userAgent=WEB) 
2025-12-24T09:42:21.026+05:30  INFO 19412 --- [admin-care] [http-nio-8090-exec-8] c.d.a.s.impl.ClaimApprovalServiceImpl    : Approval claims request ChannelRequestDTO(ip=0.0.0.0, message=REF_DATA, username=approver1, userAgent=WEB) 
2025-12-24T09:42:21.026+05:30  INFO 19412 --- [admin-care] [http-nio-8090-exec-8] c.d.admin.util.CommonPrivilegeGetter     : Common privilege get started approver1 CAPM
2025-12-24T09:42:21.143+05:30  INFO 19412 --- [admin-care] [http-nio-8090-exec-8] c.d.admin.util.CommonPrivilegeGetter     : Common privilege get no user approver1
2025-12-24T09:42:22.061+05:30  INFO 19412 --- [admin-care] [http-nio-8090-exec-8] c.d.a.service.impl.AuditLogServiceImpl   : Audit log
2025-12-24T09:42:22.312+05:30  INFO 19412 --- [admin-care] [http-nio-8090-exec-8] c.d.a.service.impl.AuditLogServiceImpl   : Start audit log
2025-12-24T09:42:22.312+05:30  INFO 19412 --- [admin-care] [http-nio-8090-exec-8] c.d.a.service.impl.AuditLogServiceImpl   : End audit log page=CAPM task=REF_DATA user=approver1
2025-12-24T09:42:22.312+05:30  INFO 19412 --- [admin-care] [http-nio-8090-exec-8] com.dtech.admin.util.AuditorAwareImpl    : Current Auditor
2025-12-24T09:42:22.388+05:30  INFO 19412 --- [admin-care] [http-nio-8090-exec-8] c.d.a.service.impl.AuditLogServiceImpl   : Audit log saved id=26472
2025-12-24T09:43:51.665+05:30  INFO 15316 --- [admin-care] [main] com.dtech.admin.AdminApplicationTests    : Starting AdminApplicationTests using Java 21.0.8 with PID 15316 (started by abhisheks in C:\Users\abhisheks\Desktop\care\care-admin)
2025-12-24T09:43:51.673+05:30  INFO 15316 --- [admin-care] [main] com.dtech.admin.AdminApplicationTests    : No active profile set, falling back to 1 default profile: "default"
2025-12-24T09:43:56.334+05:30  INFO 15316 --- [admin-care] [main] .s.d.r.c.RepositoryConfigurationDelegate : Bootstrapping Spring Data JPA repositories in DEFAULT mode.
2025-12-24T09:43:57.040+05:30  INFO 15316 --- [admin-care] [main] .s.d.r.c.RepositoryConfigurationDelegate : Finished Spring Data repository scanning in 664 ms. Found 36 JPA repository interfaces.
2025-12-24T09:43:58.764+05:30  INFO 15316 --- [admin-care] [main] o.hibernate.jpa.internal.util.LogHelper  : HHH000204: Processing PersistenceUnitInfo [name: default]
2025-12-24T09:43:58.952+05:30  INFO 15316 --- [admin-care] [main] org.hibernate.Version                    : HHH000412: Hibernate ORM core version 6.6.11.Final
2025-12-24T09:43:59.046+05:30  INFO 15316 --- [admin-care] [main] o.h.c.internal.RegionFactoryInitiator    : HHH000026: Second-level cache disabled
2025-12-24T09:43:59.880+05:30  INFO 15316 --- [admin-care] [main] o.s.o.j.p.SpringPersistenceUnitInfo      : No LoadTimeWeaver setup: ignoring JPA class transformer
2025-12-24T09:43:59.988+05:30  INFO 15316 --- [admin-care] [main] com.zaxxer.hikari.HikariDataSource       : admin-care-hikari - Starting...
2025-12-24T09:44:00.953+05:30  INFO 15316 --- [admin-care] [main] com.zaxxer.hikari.pool.HikariPool        : admin-care-hikari - Added connection com.mysql.cj.jdbc.ConnectionImpl@3df04fa1
2025-12-24T09:44:00.957+05:30  INFO 15316 --- [admin-care] [main] com.zaxxer.hikari.HikariDataSource       : admin-care-hikari - Start completed.
2025-12-24T09:44:01.029+05:30  WARN 15316 --- [admin-care] [main] org.hibernate.orm.deprecation            : HHH90000025: MySQL8Dialect does not need to be specified explicitly using 'hibernate.dialect' (remove the property setting and it will be selected by default)
2025-12-24T09:44:01.031+05:30  WARN 15316 --- [admin-care] [main] org.hibernate.orm.deprecation            : HHH90000026: MySQL8Dialect has been deprecated; use org.hibernate.dialect.MySQLDialect instead
2025-12-24T09:44:01.081+05:30  INFO 15316 --- [admin-care] [main] org.hibernate.orm.connections.pooling    : HHH10001005: Database info:
	Database JDBC URL [Connecting through datasource 'HikariDataSource (admin-care-hikari)']
	Database driver: undefined/unknown
	Database version: 8.0
	Autocommit mode: undefined/unknown
	Isolation level: undefined/unknown
	Minimum pool size: undefined/unknown
	Maximum pool size: undefined/unknown
2025-12-24T09:44:04.604+05:30  INFO 15316 --- [admin-care] [main] o.h.e.t.j.p.i.JtaPlatformInitiator       : HHH000489: No JTA platform available (set 'hibernate.transaction.jta.platform' to enable JTA platform integration)
2025-12-24T09:44:04.609+05:30  INFO 15316 --- [admin-care] [main] j.LocalContainerEntityManagerFactoryBean : Initialized JPA EntityManagerFactory for persistence unit 'default'
2025-12-24T09:44:05.347+05:30  INFO 15316 --- [admin-care] [main] o.s.d.j.r.query.QueryEnhancerFactory     : Hibernate is in classpath; If applicable, HQL parser will be used.
2025-12-24T09:44:11.147+05:30  WARN 15316 --- [admin-care] [main] JpaBaseConfiguration$JpaWebConfiguration : spring.jpa.open-in-view is enabled by default. Therefore, database queries may be performed during view rendering. Explicitly configure spring.jpa.open-in-view to disable this warning
2025-12-24T09:44:11.201+05:30  WARN 15316 --- [admin-care] [main] .s.s.UserDetailsServiceAutoConfiguration : 

Using generated security password: f0840d15-501b-4ec1-a0b7-222be29786f2

This generated password is for development use only. Your security configuration must be updated before running your application in production.

2025-12-24T09:44:11.253+05:30  INFO 15316 --- [admin-care] [main] r$InitializeUserDetailsManagerConfigurer : Global AuthenticationManager configured with UserDetailsService bean with name inMemoryUserDetailsManager
2025-12-24T09:44:11.914+05:30  INFO 15316 --- [admin-care] [main] c.dtech.admin.security.SecurityConfig    : Security filter chain org.springframework.security.config.annotation.web.builders.HttpSecurity@7f77a0d6
2025-12-24T09:44:11.931+05:30  WARN 15316 --- [admin-care] [main] thorizationManagerRequestMatcherRegistry : One of the patterns in [/api/v1/login/login, /api/v1/login/logout, /api/v1/password/reset, api/v1/password/sent-otp] is missing a leading slash. This is discouraged; please include the leading slash in all your request matcher patterns. In future versions of Spring Security, leaving out the leading slash will result in an exception.
2025-12-24T09:44:12.695+05:30  INFO 15316 --- [admin-care] [main] com.dtech.admin.AdminApplicationTests    : Started AdminApplicationTests in 22.172 seconds (process running for 25.157)
2025-12-24T09:44:13.922+05:30  INFO 15316 --- [admin-care] [SpringApplicationShutdownHook] j.LocalContainerEntityManagerFactoryBean : Closing JPA EntityManagerFactory for persistence unit 'default'
2025-12-24T09:44:13.926+05:30  INFO 15316 --- [admin-care] [SpringApplicationShutdownHook] com.zaxxer.hikari.HikariDataSource       : admin-care-hikari - Shutdown initiated...
2025-12-24T09:44:13.958+05:30  INFO 15316 --- [admin-care] [SpringApplicationShutdownHook] com.zaxxer.hikari.HikariDataSource       : admin-care-hikari - Shutdown completed.
2025-12-24T09:47:35.946+05:30  INFO 19412 --- [admin-care] [SpringApplicationShutdownHook] o.s.b.w.e.tomcat.GracefulShutdown        : Commencing graceful shutdown. Waiting for active requests to complete
2025-12-24T09:47:35.955+05:30  INFO 19412 --- [admin-care] [tomcat-shutdown] o.s.b.w.e.tomcat.GracefulShutdown        : Graceful shutdown complete
2025-12-24T09:47:35.969+05:30  INFO 19412 --- [admin-care] [SpringApplicationShutdownHook] j.LocalContainerEntityManagerFactoryBean : Closing JPA EntityManagerFactory for persistence unit 'default'
2025-12-24T09:47:35.972+05:30  INFO 19412 --- [admin-care] [SpringApplicationShutdownHook] com.zaxxer.hikari.HikariDataSource       : admin-care-hikari - Shutdown initiated...
2025-12-24T09:47:35.987+05:30  INFO 19412 --- [admin-care] [SpringApplicationShutdownHook] com.zaxxer.hikari.HikariDataSource       : admin-care-hikari - Shutdown completed.
